EN rxcver NULL /home/ise/TUM_Masters/Semester_4/VHDL_Lab/assignment_submission/submit/rcs1/rxcver.vhd sub00/vhpl02 1592170271
AR idea_com_inner behavioral /home/ise/TUM_Masters/Semester_4/VHDL_Lab/assignment_submission/submit/rcs1/idea_com_inner.vhd sub00/vhpl13 1592170280
AR clk_div behavioral /home/ise/TUM_Masters/Semester_4/VHDL_Lab/assignment_submission/submit/rcs1/clk_div.vhd sub00/vhpl11 1592170278
AR reg behavioral /home/ise/TUM_Masters/Semester_4/VHDL_Lab/assignment_submission/submit/rcs1/reg.vhd sub00/vhpl25 1592170260
AR addop behavioral /home/ise/TUM_Masters/Semester_4/VHDL_Lab/assignment_submission/submit/rcs1/addop.vhd sub00/vhpl19 1592170254
EN mulop NULL /home/ise/TUM_Masters/Semester_4/VHDL_Lab/assignment_submission/submit/rcs1/mulop.vhd sub00/vhpl16 1592170251
EN key_generator NULL /home/ise/TUM_Masters/Semester_4/VHDL_Lab/assignment_submission/submit/rcs1/key_generator.vhd sub00/vhpl30 1592170267
EN trafo NULL /home/ise/TUM_Masters/Semester_4/VHDL_Lab/assignment_submission/submit/rcs1/trafo.vhd sub00/vhpl28 1592170265
AR round behavioral /home/ise/TUM_Masters/Semester_4/VHDL_Lab/assignment_submission/submit/rcs1/round.vhd sub00/vhpl27 1592170264
EN addop NULL /home/ise/TUM_Masters/Semester_4/VHDL_Lab/assignment_submission/submit/rcs1/addop.vhd sub00/vhpl18 1592170253
EN mux2x1 NULL /home/ise/TUM_Masters/Semester_4/VHDL_Lab/assignment_submission/submit/rcs1/mux2x1.vhd sub00/vhpl08 1592170261
AR mux2x1 behavioral /home/ise/TUM_Masters/Semester_4/VHDL_Lab/assignment_submission/submit/rcs1/mux2x1.vhd sub00/vhpl09 1592170262
AR trafo behavioral /home/ise/TUM_Masters/Semester_4/VHDL_Lab/assignment_submission/submit/rcs1/trafo.vhd sub00/vhpl29 1592170266
EN idea_com NULL /home/ise/TUM_Masters/Semester_4/VHDL_Lab/assignment_submission/submit/rcs1/idea_com.vhd sub00/vhpl14 1592170281
AR uart behavior /home/ise/TUM_Masters/Semester_4/VHDL_Lab/assignment_submission/submit/rcs1/uart.vhd sub00/vhpl05 1592170274
AR rxcver behavior /home/ise/TUM_Masters/Semester_4/VHDL_Lab/assignment_submission/submit/rcs1/rxcver.vhd sub00/vhpl03 1592170272
AR txmit behavior /home/ise/TUM_Masters/Semester_4/VHDL_Lab/assignment_submission/submit/rcs1/txmit.vhd sub00/vhpl01 1592170270
EN round NULL /home/ise/TUM_Masters/Semester_4/VHDL_Lab/assignment_submission/submit/rcs1/round.vhd sub00/vhpl26 1592170263
AR idea_com behavioral /home/ise/TUM_Masters/Semester_4/VHDL_Lab/assignment_submission/submit/rcs1/idea_com.vhd sub00/vhpl15 1592170282
EN xorop NULL /home/ise/TUM_Masters/Semester_4/VHDL_Lab/assignment_submission/submit/rcs1/xorop.vhd sub00/vhpl20 1592170255
EN control NULL /home/ise/TUM_Masters/Semester_4/VHDL_Lab/assignment_submission/submit/rcs1/control.vhd sub00/vhpl22 1592170257
AR mulop behavioral /home/ise/TUM_Masters/Semester_4/VHDL_Lab/assignment_submission/submit/rcs1/mulop.vhd sub00/vhpl17 1592170252
EN txmit NULL /home/ise/TUM_Masters/Semester_4/VHDL_Lab/assignment_submission/submit/rcs1/txmit.vhd sub00/vhpl00 1592170269
AR idea_single structural /home/ise/TUM_Masters/Semester_4/VHDL_Lab/assignment_submission/submit/rcs1/idea_single.vhd sub00/vhpl07 1592170276
AR control behavioral /home/ise/TUM_Masters/Semester_4/VHDL_Lab/assignment_submission/submit/rcs1/control.vhd sub00/vhpl23 1592170258
AR key_generator behavioral /home/ise/TUM_Masters/Semester_4/VHDL_Lab/assignment_submission/submit/rcs1/key_generator.vhd sub00/vhpl31 1592170268
EN uart NULL /home/ise/TUM_Masters/Semester_4/VHDL_Lab/assignment_submission/submit/rcs1/uart.vhd sub00/vhpl04 1592170273
EN clk_div NULL /home/ise/TUM_Masters/Semester_4/VHDL_Lab/assignment_submission/submit/rcs1/clk_div.vhd sub00/vhpl10 1592170277
EN reg NULL /home/ise/TUM_Masters/Semester_4/VHDL_Lab/assignment_submission/submit/rcs1/reg.vhd sub00/vhpl24 1592170259
AR xorop behavioral /home/ise/TUM_Masters/Semester_4/VHDL_Lab/assignment_submission/submit/rcs1/xorop.vhd sub00/vhpl21 1592170256
EN idea_single NULL /home/ise/TUM_Masters/Semester_4/VHDL_Lab/assignment_submission/submit/rcs1/idea_single.vhd sub00/vhpl06 1592170275
EN idea_com_inner NULL /home/ise/TUM_Masters/Semester_4/VHDL_Lab/assignment_submission/submit/rcs1/idea_com_inner.vhd sub00/vhpl12 1592170279
