V3 63
FL /home/ise/TUM_Masters/Semester_4/VHDL_Lab/assignment_submission/submit/rcs1/addop.vhd 2020/05/16.12:04:55 P.20131013
EN work/addop 1592170253 \
      FL /home/ise/TUM_Masters/Semester_4/VHDL_Lab/assignment_submission/submit/rcs1/addop.vhd \
      PB ieee/std_logic_1164 1381692176 PB ieee/STD_LOGIC_UNSIGNED 1381692179
AR work/addop/Behavioral 1592170254 \
      FL /home/ise/TUM_Masters/Semester_4/VHDL_Lab/assignment_submission/submit/rcs1/addop.vhd \
      EN work/addop 1592170253
FL /home/ise/TUM_Masters/Semester_4/VHDL_Lab/assignment_submission/submit/rcs1/clk_div.vhd 2016/04/20.10:48:07 P.20131013
EN work/clk_div 1592170277 \
      FL /home/ise/TUM_Masters/Semester_4/VHDL_Lab/assignment_submission/submit/rcs1/clk_div.vhd \
      PB ieee/std_logic_1164 1381692176 PB ieee/std_logic_arith 1381692177 \
      PB ieee/STD_LOGIC_UNSIGNED 1381692179
AR work/clk_div/Behavioral 1592170278 \
      FL /home/ise/TUM_Masters/Semester_4/VHDL_Lab/assignment_submission/submit/rcs1/clk_div.vhd \
      EN work/clk_div 1592170277
FL /home/ise/TUM_Masters/Semester_4/VHDL_Lab/assignment_submission/submit/rcs1/control.vhd 2020/06/14.20:35:47 P.20131013
EN work/control 1592170257 \
      FL /home/ise/TUM_Masters/Semester_4/VHDL_Lab/assignment_submission/submit/rcs1/control.vhd \
      PB ieee/std_logic_1164 1381692176
AR work/control/Behavioral 1592170258 \
      FL /home/ise/TUM_Masters/Semester_4/VHDL_Lab/assignment_submission/submit/rcs1/control.vhd \
      EN work/control 1592170257
FL /home/ise/TUM_Masters/Semester_4/VHDL_Lab/assignment_submission/submit/rcs1/idea_com.vhd 2016/04/20.10:48:07 P.20131013
EN work/idea_com 1592170281 \
      FL /home/ise/TUM_Masters/Semester_4/VHDL_Lab/assignment_submission/submit/rcs1/idea_com.vhd \
      PB ieee/std_logic_1164 1381692176 PB ieee/std_logic_arith 1381692177 \
      PB ieee/STD_LOGIC_UNSIGNED 1381692179
AR work/idea_com/Behavioral 1592170282 \
      FL /home/ise/TUM_Masters/Semester_4/VHDL_Lab/assignment_submission/submit/rcs1/idea_com.vhd \
      EN work/idea_com 1592170281 CP clk_div CP idea_com_inner
FL /home/ise/TUM_Masters/Semester_4/VHDL_Lab/assignment_submission/submit/rcs1/idea_com_inner.vhd 2017/10/18.16:24:08 P.20131013
EN work/idea_com_inner 1592170279 \
      FL /home/ise/TUM_Masters/Semester_4/VHDL_Lab/assignment_submission/submit/rcs1/idea_com_inner.vhd \
      PB ieee/std_logic_1164 1381692176 PB ieee/std_logic_arith 1381692177 \
      PB ieee/STD_LOGIC_UNSIGNED 1381692179
AR work/idea_com_inner/Behavioral 1592170280 \
      FL /home/ise/TUM_Masters/Semester_4/VHDL_Lab/assignment_submission/submit/rcs1/idea_com_inner.vhd \
      EN work/idea_com_inner 1592170279 CP uart CP idea_single CP mux2x1
FL /home/ise/TUM_Masters/Semester_4/VHDL_Lab/assignment_submission/submit/rcs1/idea_single.vhd 2020/06/14.20:57:47 P.20131013
EN work/idea_single 1592170275 \
      FL /home/ise/TUM_Masters/Semester_4/VHDL_Lab/assignment_submission/submit/rcs1/idea_single.vhd \
      PB ieee/std_logic_1164 1381692176
AR work/idea_single/Structural 1592170276 \
      FL /home/ise/TUM_Masters/Semester_4/VHDL_Lab/assignment_submission/submit/rcs1/idea_single.vhd \
      EN work/idea_single 1592170275 CP control CP reg CP mux2x1 CP round CP trafo \
      CP key_generator
FL /home/ise/TUM_Masters/Semester_4/VHDL_Lab/assignment_submission/submit/rcs1/key_generator.vhd 2020/06/14.15:37:09 P.20131013
EN work/key_generator 1592170267 \
      FL /home/ise/TUM_Masters/Semester_4/VHDL_Lab/assignment_submission/submit/rcs1/key_generator.vhd \
      PB ieee/std_logic_1164 1381692176
AR work/key_generator/Behavioral 1592170268 \
      FL /home/ise/TUM_Masters/Semester_4/VHDL_Lab/assignment_submission/submit/rcs1/key_generator.vhd \
      EN work/key_generator 1592170267
FL /home/ise/TUM_Masters/Semester_4/VHDL_Lab/assignment_submission/submit/rcs1/mulop.vhd 2020/05/15.20:46:18 P.20131013
EN work/mulop 1592170251 \
      FL /home/ise/TUM_Masters/Semester_4/VHDL_Lab/assignment_submission/submit/rcs1/mulop.vhd \
      PB ieee/std_logic_1164 1381692176 PB ieee/NUMERIC_STD 1381692181 \
      PB ieee/STD_LOGIC_UNSIGNED 1381692179
AR work/mulop/Behavioral 1592170252 \
      FL /home/ise/TUM_Masters/Semester_4/VHDL_Lab/assignment_submission/submit/rcs1/mulop.vhd \
      EN work/mulop 1592170251
FL /home/ise/TUM_Masters/Semester_4/VHDL_Lab/assignment_submission/submit/rcs1/mux2x1.vhd 2020/06/14.12:46:02 P.20131013
EN work/mux2x1 1592170261 \
      FL /home/ise/TUM_Masters/Semester_4/VHDL_Lab/assignment_submission/submit/rcs1/mux2x1.vhd \
      PB ieee/std_logic_1164 1381692176
AR work/mux2x1/Behavioral 1592170262 \
      FL /home/ise/TUM_Masters/Semester_4/VHDL_Lab/assignment_submission/submit/rcs1/mux2x1.vhd \
      EN work/mux2x1 1592170261
FL /home/ise/TUM_Masters/Semester_4/VHDL_Lab/assignment_submission/submit/rcs1/reg.vhd 2020/06/06.12:49:01 P.20131013
EN work/reg 1592170259 \
      FL /home/ise/TUM_Masters/Semester_4/VHDL_Lab/assignment_submission/submit/rcs1/reg.vhd \
      PB ieee/std_logic_1164 1381692176
AR work/reg/Behavioral 1592170260 \
      FL /home/ise/TUM_Masters/Semester_4/VHDL_Lab/assignment_submission/submit/rcs1/reg.vhd \
      EN work/reg 1592170259
FL /home/ise/TUM_Masters/Semester_4/VHDL_Lab/assignment_submission/submit/rcs1/round.vhd 2020/05/16.12:03:08 P.20131013
EN work/round 1592170263 \
      FL /home/ise/TUM_Masters/Semester_4/VHDL_Lab/assignment_submission/submit/rcs1/round.vhd \
      PB ieee/std_logic_1164 1381692176
AR work/round/Behavioral 1592170264 \
      FL /home/ise/TUM_Masters/Semester_4/VHDL_Lab/assignment_submission/submit/rcs1/round.vhd \
      EN work/round 1592170263 CP mulop CP addop CP xorop
FL /home/ise/TUM_Masters/Semester_4/VHDL_Lab/assignment_submission/submit/rcs1/rxcver.vhd 2016/04/20.10:48:07 P.20131013
EN work/rxcver 1592170271 \
      FL /home/ise/TUM_Masters/Semester_4/VHDL_Lab/assignment_submission/submit/rcs1/rxcver.vhd \
      PB ieee/std_logic_1164 1381692176 PB ieee/std_logic_arith 1381692177 \
      PB ieee/std_logic_misc 1381692178 PB ieee/STD_LOGIC_UNSIGNED 1381692179
AR work/rxcver/behavior 1592170272 \
      FL /home/ise/TUM_Masters/Semester_4/VHDL_Lab/assignment_submission/submit/rcs1/rxcver.vhd \
      EN work/rxcver 1592170271
FL /home/ise/TUM_Masters/Semester_4/VHDL_Lab/assignment_submission/submit/rcs1/trafo.vhd 2020/05/16.12:26:40 P.20131013
EN work/trafo 1592170265 \
      FL /home/ise/TUM_Masters/Semester_4/VHDL_Lab/assignment_submission/submit/rcs1/trafo.vhd \
      PB ieee/std_logic_1164 1381692176
AR work/trafo/Behavioral 1592170266 \
      FL /home/ise/TUM_Masters/Semester_4/VHDL_Lab/assignment_submission/submit/rcs1/trafo.vhd \
      EN work/trafo 1592170265 CP mulop CP addop
FL /home/ise/TUM_Masters/Semester_4/VHDL_Lab/assignment_submission/submit/rcs1/txmit.vhd 2016/04/20.10:48:07 P.20131013
EN work/txmit 1592170269 \
      FL /home/ise/TUM_Masters/Semester_4/VHDL_Lab/assignment_submission/submit/rcs1/txmit.vhd \
      PB ieee/std_logic_1164 1381692176 PB ieee/std_logic_arith 1381692177 \
      PB ieee/std_logic_misc 1381692178 PB ieee/STD_LOGIC_UNSIGNED 1381692179
AR work/txmit/behavior 1592170270 \
      FL /home/ise/TUM_Masters/Semester_4/VHDL_Lab/assignment_submission/submit/rcs1/txmit.vhd \
      EN work/txmit 1592170269
FL /home/ise/TUM_Masters/Semester_4/VHDL_Lab/assignment_submission/submit/rcs1/uart.vhd 2016/04/20.10:48:07 P.20131013
EN work/uart 1592170273 \
      FL /home/ise/TUM_Masters/Semester_4/VHDL_Lab/assignment_submission/submit/rcs1/uart.vhd \
      PB ieee/std_logic_1164 1381692176 PB ieee/std_logic_arith 1381692177 \
      PB ieee/std_logic_misc 1381692178 PB ieee/STD_LOGIC_UNSIGNED 1381692179
AR work/uart/behavior 1592170274 \
      FL /home/ise/TUM_Masters/Semester_4/VHDL_Lab/assignment_submission/submit/rcs1/uart.vhd \
      EN work/uart 1592170273 CP txmit CP rxcver
FL /home/ise/TUM_Masters/Semester_4/VHDL_Lab/assignment_submission/submit/rcs1/xorop.vhd 2020/05/16.12:04:38 P.20131013
EN work/xorop 1592170255 \
      FL /home/ise/TUM_Masters/Semester_4/VHDL_Lab/assignment_submission/submit/rcs1/xorop.vhd \
      PB ieee/std_logic_1164 1381692176
AR work/xorop/Behavioral 1592170256 \
      FL /home/ise/TUM_Masters/Semester_4/VHDL_Lab/assignment_submission/submit/rcs1/xorop.vhd \
      EN work/xorop 1592170255
