V3 29
FL /home/ise/TUM_Masters/Semester_4/VHDL_Lab/assignment_submission/submit/direct/addop.vhd 2020/05/16.12:04:55 P.20131013
EN work/addop 1595165720 \
      FL /home/ise/TUM_Masters/Semester_4/VHDL_Lab/assignment_submission/submit/direct/addop.vhd \
      PB ieee/std_logic_1164 1381692176 PB ieee/STD_LOGIC_UNSIGNED 1381692179
AR work/addop/Behavioral 1595165721 \
      FL /home/ise/TUM_Masters/Semester_4/VHDL_Lab/assignment_submission/submit/direct/addop.vhd \
      EN work/addop 1595165720
FL /home/ise/TUM_Masters/Semester_4/VHDL_Lab/assignment_submission/submit/direct/idea.vhd 2020/05/16.17:59:39 P.20131013
EN work/idea 1595165728 \
      FL /home/ise/TUM_Masters/Semester_4/VHDL_Lab/assignment_submission/submit/direct/idea.vhd \
      PB ieee/std_logic_1164 1381692176
AR work/idea/Structural 1595165729 \
      FL /home/ise/TUM_Masters/Semester_4/VHDL_Lab/assignment_submission/submit/direct/idea.vhd \
      EN work/idea 1595165728 CP round CP trafo
FL /home/ise/TUM_Masters/Semester_4/VHDL_Lab/assignment_submission/submit/direct/mulop.vhd 2020/05/15.20:46:18 P.20131013
EN work/mulop 1595165718 \
      FL /home/ise/TUM_Masters/Semester_4/VHDL_Lab/assignment_submission/submit/direct/mulop.vhd \
      PB ieee/std_logic_1164 1381692176 PB ieee/NUMERIC_STD 1381692181 \
      PB ieee/STD_LOGIC_UNSIGNED 1381692179
AR work/mulop/Behavioral 1595165719 \
      FL /home/ise/TUM_Masters/Semester_4/VHDL_Lab/assignment_submission/submit/direct/mulop.vhd \
      EN work/mulop 1595165718
FL /home/ise/TUM_Masters/Semester_4/VHDL_Lab/assignment_submission/submit/direct/round.vhd 2020/05/16.12:03:08 P.20131013
EN work/round 1595165724 \
      FL /home/ise/TUM_Masters/Semester_4/VHDL_Lab/assignment_submission/submit/direct/round.vhd \
      PB ieee/std_logic_1164 1381692176
AR work/round/Behavioral 1595165725 \
      FL /home/ise/TUM_Masters/Semester_4/VHDL_Lab/assignment_submission/submit/direct/round.vhd \
      EN work/round 1595165724 CP mulop CP addop CP xorop
FL /home/ise/TUM_Masters/Semester_4/VHDL_Lab/assignment_submission/submit/direct/trafo.vhd 2020/05/16.12:26:40 P.20131013
EN work/trafo 1595165726 \
      FL /home/ise/TUM_Masters/Semester_4/VHDL_Lab/assignment_submission/submit/direct/trafo.vhd \
      PB ieee/std_logic_1164 1381692176
AR work/trafo/Behavioral 1595165727 \
      FL /home/ise/TUM_Masters/Semester_4/VHDL_Lab/assignment_submission/submit/direct/trafo.vhd \
      EN work/trafo 1595165726 CP mulop CP addop
FL /home/ise/TUM_Masters/Semester_4/VHDL_Lab/assignment_submission/submit/direct/xorop.vhd 2020/05/16.12:04:38 P.20131013
EN work/xorop 1595165722 \
      FL /home/ise/TUM_Masters/Semester_4/VHDL_Lab/assignment_submission/submit/direct/xorop.vhd \
      PB ieee/std_logic_1164 1381692176
AR work/xorop/Behavioral 1595165723 \
      FL /home/ise/TUM_Masters/Semester_4/VHDL_Lab/assignment_submission/submit/direct/xorop.vhd \
      EN work/xorop 1595165722
FL /home/ise/TUM_Masters/Semester_4/VHDL_Lab/xilinx_projects/direct/addop.vhd 2020/05/16.12:04:55 P.20131013
FL /home/ise/TUM_Masters/Semester_4/VHDL_Lab/xilinx_projects/direct/idea.vhd 2020/05/16.17:43:56 P.20131013
FL /home/ise/TUM_Masters/Semester_4/VHDL_Lab/xilinx_projects/direct/mulop.vhd 2020/05/15.20:46:18 P.20131013
FL /home/ise/TUM_Masters/Semester_4/VHDL_Lab/xilinx_projects/direct/round.vhd 2020/05/16.12:03:08 P.20131013
FL /home/ise/TUM_Masters/Semester_4/VHDL_Lab/xilinx_projects/direct/trafo.vhd 2020/05/16.12:26:40 P.20131013
FL /home/ise/TUM_Masters/Semester_4/VHDL_Lab/xilinx_projects/direct/xorop.vhd 2020/05/16.12:04:38 P.20131013
